============================= test session starts ==============================
platform linux -- Python 3.8.14, pytest-7.4.4, pluggy-1.5.0 -- /home/christelle.ren/code/renchristelle/data-engineering-challenges/01-Software-Engineering-Best-Practices/05-Docker-and-Deployment/03-Deployment/.venv/bin/python
cachedir: .pytest_cache
rootdir: /home/christelle.ren/code/renchristelle/data-engineering-challenges/01-Software-Engineering-Best-Practices/05-Docker-and-Deployment/03-Deployment
plugins: anyio-4.3.0
collecting ... collected 0 items

============================ no tests ran in 0.01s =============================
